// Jest Snapshot v1, https://goo.gl/fbAQLP

exports[`Home Page Testing testing  testing handlecardname cardvalue 1`] = `ShallowWrapper {}`;
